// Jest Snapshot v1, https://goo.gl/fbAQLP

exports[`modelSignUp signed up model and call the onComplete 1`] = `"sajad.ghawami1@codestra.io"`;

exports[`modelSignUp signed up model and try to update the password with the wrong passwordResetToken 1`] = `"Error: ERROR_TOKEN_EXPIRED"`;

exports[`modelSignUp signed up model and update the password after reset 1`] = `"sajad.ghawami@codestra.io"`;
